Project has no build specifications: Core\Actor Framework Core.lvproj
=== ExecuteBuildSpec 'AF Debug PPL' [Packed Library] target 'My Computer' in Core\AF Debug PPL Build.lvproj ===
LabVIEWCLI started logging in file:  C:\Users\ContainerAdministrator\AppData\Local\Temp\lvtemporary_638171.log
Using LabVIEW: "C:\Program Files\National Instruments\LabVIEW 2026\LabVIEW.exe"
LabVIEW launched successfully.
Connection established with LabVIEW at port number 3363.

Operation output: 
Generated files are:
C:\workspace\Core\builds\AF Debug PPL Build\AF Debug PPL\AF Debug.lvlibp


ExecuteBuildSpec operation succeeded.


=== ExecuteBuildSpec 'AF PPL' [Packed Library] target 'My Computer' in Core\AF PPL Build.lvproj ===
LabVIEWCLI started logging in file:  C:\Users\ContainerAdministrator\AppData\Local\Temp\lvtemporary_876106.log
Using LabVIEW: "C:\Program Files\National Instruments\LabVIEW 2026\LabVIEW.exe"
Connection established with LabVIEW at port number 3363.

Operation output: 
Generated files are:
C:\workspace\Core\builds\AF PPL Build\AF PPL\Actor Framework.lvlibp


ExecuteBuildSpec operation succeeded.


Project has no build specifications: Providers\AFPP 2024 for 2020.lvproj
=== ExecuteBuildSpec 'VIPM Install support' [Packed Library] target 'My Computer' in Tooling\CI CD.lvproj ===
LabVIEWCLI started logging in file:  C:\Users\ContainerAdministrator\AppData\Local\Temp\lvtemporary_691981.log
Using LabVIEW: "C:\Program Files\National Instruments\LabVIEW 2026\LabVIEW.exe"
Connection established with LabVIEW at port number 3363.

LabVIEWCLI.exe : Operation output: 
At C:\workspace\.github\labview\build-binaries.ps1:252 char:12
+     $out = & $CliExe @cliArgs 2>&1 | Out-String
+            ~~~~~~~~~~~~~~~~~~~~~~~
    + CategoryInfo          : NotSpecified: (Operation output: :String) [], Re 
   moteException
    + FullyQualifiedErrorId : NativeCommandError
 
Error Code : 1
Error Message : You did not specify a top-level project library.









Click the link below to visit the Application Builder support page. Use the 
following information as a reference:



Error 1 occurred at AB_Engine_Build.vi -> AB_Build_Invoke.vi


Possible reason(s):


LabVIEW: (Hex 0x1) An input parameter is invalid. For example if the input is 
a path, the path might contain a character not allowed by the OS such as ? or 
@.
An error occurred while running the ExecuteBuildSpec operation.

ExecuteBuildSpec operation failed.


